// Jest Snapshot v1, https://goo.gl/fbAQLP

exports[`renders 1`] = `
<DocumentFragment>
  <header>
    <h2
      class="fancy-h1"
      data-testid="h2tag"
    />
  </header>
</DocumentFragment>
`;
